exports[`test Formats the schema correctly for a SPARQL query 1`] = `
Array [
  Object {
    "alias": "Query Results",
    "columns": Array [
      Object {
        "alias": "name",
        "dataType": "string",
        "id": "name",
      },
      Object {
        "alias": "height",
        "dataType": "string",
        "id": "height",
      },
      Object {
        "alias": "heightInInches",
        "dataType": "string",
        "id": "heightInInches",
      },
      Object {
        "alias": "hand",
        "dataType": "string",
        "id": "hand",
      },
      Object {
        "alias": "ppg",
        "dataType": "string",
        "id": "ppg",
      },
      Object {
        "alias": "apg",
        "dataType": "string",
        "id": "apg",
      },
    ],
    "id": "QueryTable",
  },
]
`;

exports[`test Formats the schema correctly for a SQL query 1`] = `
Array [
  Object {
    "alias": "Query Results",
    "columns": Array [
      Object {
        "alias": "name",
        "dataType": "string",
        "id": "v_0",
      },
      Object {
        "alias": "pointspergame",
        "dataType": "float",
        "id": "v_1",
      },
      Object {
        "alias": "assistspergame",
        "dataType": "float",
        "id": "v_2",
      },
    ],
    "id": "QueryTable",
  },
]
`;

exports[`test Formats the schema correctly for a non-query 1`] = `
Array [
  Object {
    "alias": "AnIntrotodata.worldDatasetChangeLog-Sheet1.csv/AnIntrotodata.worldDatasetChangeLog-Sheet1",
    "columns": Array [
      Object {
        "alias": "Date",
        "dataType": "date",
        "id": "v_0",
      },
      Object {
        "alias": "Change",
        "dataType": "string",
        "id": "v_1",
      },
    ],
    "id": "AnIntrotodataworldDatasetChangeLogSheet1csvAnIntrotodataworldDatasetChangeLogSheet1",
  },
  Object {
    "alias": "DataDotWorldBBallStats.csv/DataDotWorldBBallStats",
    "columns": Array [
      Object {
        "alias": "Name",
        "dataType": "string",
        "id": "v_0",
      },
      Object {
        "alias": "PointsPerGame",
        "dataType": "float",
        "id": "v_1",
      },
      Object {
        "alias": "AssistsPerGame",
        "dataType": "float",
        "id": "v_2",
      },
    ],
    "id": "DataDotWorldBBallStatscsvDataDotWorldBBallStats",
  },
  Object {
    "alias": "DataDotWorldBBallTeam.csv/DataDotWorldBBallTeam",
    "columns": Array [
      Object {
        "alias": "Name",
        "dataType": "string",
        "id": "v_0",
      },
      Object {
        "alias": "Height",
        "dataType": "string",
        "id": "v_1",
      },
      Object {
        "alias": "Handedness",
        "dataType": "string",
        "id": "v_2",
      },
    ],
    "id": "DataDotWorldBBallTeamcsvDataDotWorldBBallTeam",
  },
]
`;
