exports[`test renders form 1`] = `
<div
  className="loginForm container">
  <div
    className="center-block row">
    <div
      className="col-md-10 col-md-offset-1 col-xs-10 col-xs-offset-1">
      <img
        alt="data.world sparkle logo"
        className="center-block"
        src="new-sparkle-logo.png" />
      <h3
        className="header">
        Authenticate with data.world to access your dataset
      </h3>
      <div
        className="text-center">
        <a
          className="btn btn-primary"
          href="https://data.world/oauth/authorize?client_id=data-dot-world-tableau&redirect_uri=https://dw-tableau-oauth.herokuapp.com/callback"
          onClick={[Function]}>
          Authenticate
        </a>
      </div>
    </div>
  </div>
</div>
`;
